| -:0:0:0:0 | malformed import path "github.com/khulasoft-lab/semmle-go/ql/test/extractor-tests/tolerate-curly-braces/subdir{}": invalid char '{' |
